[Licensing::Module] Trying to connect to existing licensing client channel...
[Licensing::IpcConnector] Successfully connected to the License Client on channel: "LicenseClient-yc224" at "2025-06-23T06:50:20.4297797Z"
[Licensing::Client] Error: Code 10 while verifying Licensing Client signature (process Id: 15204, path: "C:/Program Files/Unity Hub/UnityLicensingClient_V1/Unity.Licensing.Client.exe")
[Licensing::Module] Error: LicensingClient has failed validation; ignoring
[Licensing::Client] Handshaking with LicensingClient:
  Version:                 1.17.0+aa6cfba
  Session Id:              e2e7f32c2e3e46ecb4590166a792ad45
  Correlation Id:          8c31a4c92cdfe36e577f41b5361f91ea
  External correlation Id: 2099209735980348104
  Machine Id:              ZTXhebEN5mUTCMBnNlNFuth49o0=
[Licensing::Module] Successfully connected to LicensingClient on channel: "LicenseClient-yc224" (connect: 0.00s, validation: 0.01s, handshake: 0.11s)
[Licensing::IpcConnector] Successfully connected to the License Notification on channel: "LicenseClient-yc224-notifications" at "2025-06-23T06:50:20.5524099Z"
[Licensing::Module] Error: Access token is unavailable; failed to update
[Licensing::Client] Successfully updated license
Built from '2022.3/staging' branch; Version is '2022.3.32f1 (c8300dc0a3fa) revision 13119501'; Using compiler version '192829333'; Build Type 'Release'
OS: 'Windows 11  (10.0.26100) 64bit Education' Language: 'ko' Physical Memory: 32561 MB
[Licensing::Client] Successfully resolved entitlements
[Licensing::Module] Serial number assigned to: "14568798414605-UnityPersXXXX"
BatchMode: 1, IsHumanControllingUs: 0, StartBugReporterOnCrash: 0, Is64bit: 1, IsPro: 0

COMMAND LINE ARGUMENTS:
C:\Program Files\Unity\Hub\Editor\2022.3.32f1\Editor\Unity.exe
-projectPath
C:\Github\InvaderInsider
-batchmode
-quit
-logFile
compile.log
Successfully changed project path to: C:\Github\InvaderInsider
C:/Github/InvaderInsider
It looks like another Unity instance is running with this project open.

Multiple Unity instances cannot open the same project.

Project: C:/Github/InvaderInsider
Fatal Error! It looks like another Unity instance is running with this project open.

Multiple Unity instances cannot open the same project.

Project: C:/Github/InvaderInsider
Crash!!!
SymInit: Symbol-SearchPath: 'C:/Program Files/Unity/Hub/Editor/2022.3.32f1/Editor/Data/Mono;.;C:\Github\InvaderInsider;C:\Github\InvaderInsider\Library\BurstCache\JIT;C:\Program Files\Unity\Hub\Editor\2022.3.32f1\Editor;C:\WINDOWS;C:\WINDOWS\system32;', symOptions: 534, UserName: 'yc224'
OS-Version: 10.0.0
C:\Program Files\Unity\Hub\Editor\2022.3.32f1\Editor\Unity.exe:Unity.exe (00007FF76D700000), size: 82575360 (result: 0), SymType: '-deferred-', PDB: '', fileVersion: 2022.3.32.12301
C:\WINDOWS\SYSTEM32\ntdll.dll:ntdll.dll (00007FFEA1DE0000), size: 2510848 (result: 0), SymType: '-deferred-', PDB: '', fileVersion: 10.0.26100.4202
C:\WINDOWS\System32\KERNEL32.DLL:KERNEL32.DLL (00007FFEA06C0000), size: 823296 (result: 0), SymType: '-deferred-', PDB: '', fileVersion: 10.0.26100.4202
C:\WINDOWS\System32\KERNELBASE.dll:KERNELBASE.dll (00007FFE9F580000), size: 4096000 (result: 0), SymType: '-deferred-', PDB: '', fileVersion: 10.0.26100.4202
C:\WINDOWS\System32\CRYPT32.dll:CRYPT32.dll (00007FFE9FA00000), size: 1536000 (result: 0), SymType: '-deferred-', PDB: '', fileVersion: 10.0.26100.3775
C:\WINDOWS\System32\ucrtbase.dll:ucrtbase.dll (00007FFE9F010000), size: 1355776 (result: 0), SymType: '-deferred-', PDB: '', fileVersion: 10.0.26100.4202
C:\WINDOWS\System32\USER32.dll:USER32.dll (00007FFEA02C0000), size: 1875968 (result: 0), SymType: '-deferred-', PDB: '', fileVersion: 10.0.26100.4202
C:\WINDOWS\System32\win32u.dll:win32u.dll (00007FFE9EF30000), size: 159744 (result: 0), SymType: '-deferred-', PDB: '', fileVersion: 10.0.26100.4343
C:\Program Files\Unity\Hub\Editor\2022.3.32f1\Editor\libfbxsdk.dll:libfbxsdk.dll (00007FFDC71A0000), size: 10063872 (result: 0), SymType: '-deferred-', PDB: '', fileVersion: 2020.3.4.0
C:\Program Files\Unity\Hub\Editor\2022.3.32f1\Editor\s3tcompress.dll:s3tcompress.dll (00007FFE981F0000), size: 180224 (result: 0), SymType: '-deferred-', PDB: ''
C:\Program Files\Unity\Hub\Editor\2022.3.32f1\Editor\etccompress.dll:etccompress.dll (00007FFE90F90000), size: 5066752 (result: 0), SymType: '-deferred-', PDB: ''
C:\WINDOWS\System32\GDI32.dll:GDI32.dll (00007FFEA1860000), size: 176128 (result: 0), SymType: '-deferred-', PDB: '', fileVersion: 10.0.26100.4202
C:\WINDOWS\System32\gdi32full.dll:gdi32full.dll (00007FFE9F440000), size: 1273856 (result: 0), SymType: '-deferred-', PDB: '', fileVersion: 10.0.26100.4202
C:\Program Files\Unity\Hub\Editor\2022.3.32f1\Editor\ispc_texcomp.dll:ispc_texcomp.dll (00007FFE8FFA0000), size: 1826816 (result: 0), SymType: '-deferred-', PDB: ''
C:\Program Files\Unity\Hub\Editor\2022.3.32f1\Editor\compress_bc7e.dll:compress_bc7e.dll (00007FFE90E30000), size: 1433600 (result: 0), SymType: '-deferred-', PDB: ''
C:\WINDOWS\System32\msvcp_win.dll:msvcp_win.dll (00007FFE9EF60000), size: 667648 (result: 0), SymType: '-deferred-', PDB: '', fileVersion: 10.0.26100.4202
C:\WINDOWS\System32\ADVAPI32.dll:ADVAPI32.dll (00007FFEA17A0000), size: 733184 (result: 0), SymType: '-deferred-', PDB: '', fileVersion: 10.0.26100.4202
C:\Program Files\Unity\Hub\Editor\2022.3.32f1\Editor\FreeImage.dll:FreeImage.dll (0000000180000000), size: 6582272 (result: 0), SymType: '-deferred-', PDB: '', fileVersion: 3.18.0.0
C:\Program Files\Unity\Hub\Editor\2022.3.32f1\Editor\WinPixEventRuntime.dll:WinPixEventRuntime.dll (00007FFE981E0000), size: 45056 (result: 0), SymType: '-deferred-', PDB: '', fileVersion: 1.0.1812.6001
C:\WINDOWS\System32\msvcrt.dll:msvcrt.dll (00007FFEA0000000), size: 692224 (result: 0), SymType: '-deferred-', PDB: '', fileVersion: 7.0.26100.4202
C:\WINDOWS\System32\sechost.dll:sechost.dll (00007FFEA1910000), size: 679936 (result: 0), SymType: '-deferred-', PDB: '', fileVersion: 10.0.26100.4202
C:\Program Files\Unity\Hub\Editor\2022.3.32f1\Editor\umbraoptimizer64.dll:umbraoptimizer64.dll (00007FFE8FE70000), size: 1187840 (result: 0), SymType: '-deferred-', PDB: ''
C:\WINDOWS\System32\WS2_32.dll:WS2_32.dll (00007FFEA1890000), size: 475136 (result: 0), SymType: '-deferred-', PDB: '', fileVersion: 10.0.26100.4061
C:\WINDOWS\System32\RPCRT4.dll:RPCRT4.dll (00007FFEA05A0000), size: 1134592 (result: 0), SymType: '-deferred-', PDB: '', fileVersion: 10.0.26100.4202
C:\WINDOWS\System32\SHELL32.dll:SHELL32.dll (00007FFEA0FD0000), size: 7610368 (result: 0), SymType: '-deferred-', PDB: '', fileVersion: 10.0.26100.4202
C:\WINDOWS\SYSTEM32\MSVCP140.dll:MSVCP140.dll (00007FFE844C0000), size: 561152 (result: 0), SymType: '-deferred-', PDB: '', fileVersion: 14.44.35208.0
C:\WINDOWS\SYSTEM32\VCRUNTIME140.dll:VCRUNTIME140.dll (00007FFE844A0000), size: 122880 (result: 0), SymType: '-deferred-', PDB: '', fileVersion: 14.44.35208.0
C:\WINDOWS\System32\wintypes.dll:wintypes.dll (00007FFE9F160000), size: 1523712 (result: 0), SymType: '-deferred-', PDB: '', fileVersion: 10.0.26100.4202
C:\WINDOWS\System32\combase.dll:combase.dll (00007FFEA1A10000), size: 3690496 (result: 0), SymType: '-deferred-', PDB: '', fileVersion: 10.0.26100.4202
C:\WINDOWS\SYSTEM32\VCRUNTIME140_1.dll:VCRUNTIME140_1.dll (00007FFE84550000), size: 49152 (result: 0), SymType: '-deferred-', PDB: '', fileVersion: 14.44.35208.0
C:\WINDOWS\System32\SHLWAPI.dll:SHLWAPI.dll (00007FFE9FB80000), size: 434176 (result: 0), SymType: '-deferred-', PDB: '', fileVersion: 10.0.26100.4202
C:\WINDOWS\System32\ole32.dll:ole32.dll (00007FFEA0C20000), size: 1695744 (result: 0), SymType: '-deferred-', PDB: '', fileVersion: 10.0.26100.4202
C:\WINDOWS\System32\IMM32.dll:IMM32.dll (00007FFEA19C0000), size: 196608 (result: 0), SymType: '-deferred-', PDB: '', fileVersion: 10.0.26100.4202
C:\WINDOWS\SYSTEM32\OPENGL32.dll:OPENGL32.dll (00007FFE85690000), size: 1130496 (result: 0), SymType: '-deferred-', PDB: '', fileVersion: 10.0.26100.4202
C:\WINDOWS\System32\SETUPAPI.dll:SETUPAPI.dll (00007FFEA0790000), size: 4743168 (result: 0), SymType: '-deferred-', PDB: '', fileVersion: 10.0.26100.4202
C:\WINDOWS\SYSTEM32\GLU32.dll:GLU32.dll (00007FFE84F40000), size: 184320 (result: 0), SymType: '-deferred-', PDB: '', fileVersion: 10.0.26100.1150
C:\WINDOWS\SYSTEM32\IPHLPAPI.DLL:IPHLPAPI.DLL (00007FFE9D340000), size: 208896 (result: 0), SymType: '-deferred-', PDB: '', fileVersion: 10.0.26100.4202
C:\WINDOWS\System32\OLEAUT32.dll:OLEAUT32.dll (00007FFE9FF10000), size: 921600 (result: 0), SymType: '-deferred-', PDB: '', fileVersion: 10.0.26100.4202
C:\WINDOWS\System32\WINTRUST.dll:WINTRUST.dll (00007FFE9F970000), size: 540672 (result: 0), SymType: '-deferred-', PDB: '', fileVersion: 10.0.26100.4351
C:\WINDOWS\SYSTEM32\WINMM.dll:WINMM.dll (00007FFE931F0000), size: 217088 (result: 0), SymType: '-deferred-', PDB: '', fileVersion: 10.0.26100.4202
C:\WINDOWS\SYSTEM32\bcrypt.dll:bcrypt.dll (00007FFE9EE10000), size: 155648 (result: 0), SymType: '-deferred-', PDB: '', fileVersion: 10.0.26100.4061
C:\WINDOWS\SYSTEM32\WINHTTP.dll:WINHTTP.dll (00007FFE9DBA0000), size: 1171456 (result: 0), SymType: '-deferred-', PDB: '', fileVersion: 10.0.26100.4202
C:\WINDOWS\SYSTEM32\HID.DLL:HID.DLL (00007FFE9D090000), size: 61440 (result: 0), SymType: '-deferred-', PDB: '', fileVersion: 10.0.26100.1150
C:\Program Files\Unity\Hub\Editor\2022.3.32f1\Editor\SketchUpAPI.dll:SketchUpAPI.dll (00007FFDC6900000), size: 8990720 (result: 0), SymType: '-deferred-', PDB: '', fileVersion: 23.0.0.0
C:\WINDOWS\SYSTEM32\dwmapi.dll:dwmapi.dll (00007FFE9C190000), size: 221184 (result: 0), SymType: '-deferred-', PDB: '', fileVersion: 10.0.26100.4202
C:\WINDOWS\SYSTEM32\dxcore.dll:dxcore.dll (00007FFE9BFE0000), size: 315392 (result: 0), SymType: '-deferred-', PDB: '', fileVersion: 10.0.26100.4202
C:\WINDOWS\SYSTEM32\VERSION.dll:VERSION.dll (00007FFE98140000), size: 45056 (result: 0), SymType: '-deferred-', PDB: '', fileVersion: 10.0.26100.1150
C:\WINDOWS\SYSTEM32\WSOCK32.dll:WSOCK32.dll (00007FFE981D0000), size: 40960 (result: 0), SymType: '-deferred-', PDB: '', fileVersion: 10.0.26100.1
C:\WINDOWS\SYSTEM32\Secur32.dll:Secur32.dll (00007FFE9BD20000), size: 53248 (result: 0), SymType: '-deferred-', PDB: '', fileVersion: 10.0.26100.1
C:\Program Files\Unity\Hub\Editor\2022.3.32f1\Editor\SketchUpCommonPreferences.dll:SketchUpCommonPreferences.dll (00007FFE91800000), size: 499712 (result: 0), SymType: '-deferred-', PDB: '', fileVersion: 23.0.0.0
C:\WINDOWS\SYSTEM32\SSPICLI.DLL:SSPICLI.DLL (00007FFE9DF50000), size: 299008 (result: 0), SymType: '-deferred-', PDB: '', fileVersion: 10.0.26100.4202
C:\Program Files\Unity\Hub\Editor\2022.3.32f1\Editor\NativeProxyHelper.dll:NativeProxyHelper.dll (00007FFDD79E0000), size: 1789952 (result: 0), SymType: '-deferred-', PDB: ''
C:\Program Files\Unity\Hub\Editor\2022.3.32f1\Editor\OpenRL.dll:OpenRL.dll (000002117C600000), size: 12779520 (result: 0), SymType: '-deferred-', PDB: '', fileVersion: 1.5.0.2907
C:\WINDOWS\SYSTEM32\MSVCP100.dll:MSVCP100.dll (0000000051320000), size: 622592 (result: 0), SymType: '-deferred-', PDB: '', fileVersion: 10.0.40219.325
C:\WINDOWS\SYSTEM32\MSVCR100.dll:MSVCR100.dll (00000000513C0000), size: 860160 (result: 0), SymType: '-deferred-', PDB: '', fileVersion: 10.0.40219.325
C:\Program Files\Unity\Hub\Editor\2022.3.32f1\Editor\embree.dll:embree.dll (00007FFDC5910000), size: 16711680 (result: 0), SymType: '-deferred-', PDB: '', fileVersion: 2.14.0.0
C:\WINDOWS\SYSTEM32\cfgmgr32.DLL:cfgmgr32.DLL (00007FFE9EBC0000), size: 356352 (result: 0), SymType: '-deferred-', PDB: '', fileVersion: 10.0.26100.4202
C:\Program Files\Unity\Hub\Editor\2022.3.32f1\Editor\tbb.dll:tbb.dll (00007FFE90640000), size: 413696 (result: 0), SymType: '-deferred-', PDB: '', fileVersion: 2017.0.2016.1004
C:\WINDOWS\SYSTEM32\MSWSOCK.DLL:MSWSOCK.DLL (00007FFE9E200000), size: 434176 (result: 0), SymType: '-deferred-', PDB: '', fileVersion: 10.0.26100.4202
C:\WINDOWS\SYSTEM32\MSVCP120.dll:MSVCP120.dll (00007FFDD8AA0000), size: 679936 (result: 0), SymType: '-deferred-', PDB: '', fileVersion: 12.0.40649.5
C:\WINDOWS\SYSTEM32\MSVCR120.dll:MSVCR120.dll (00007FFE8FD80000), size: 978944 (result: 0), SymType: '-deferred-', PDB: '', fileVersion: 12.0.40649.5
C:\Program Files\Unity\Hub\Editor\2022.3.32f1\Editor\OpenRL_pthread.dll:OpenRL_pthread.dll (000002117D250000), size: 61440 (result: 0), SymType: '-deferred-', PDB: '', fileVersion: 2.9.0.0
C:\WINDOWS\SYSTEM32\MSASN1.dll:MSASN1.dll (00007FFE9E760000), size: 77824 (result: 0), SymType: '-deferred-', PDB: '', fileVersion: 10.0.26100.4061
C:\WINDOWS\System32\bcryptprimitives.dll:bcryptprimitives.dll (00007FFE9F3A0000), size: 626688 (result: 0), SymType: '-deferred-', PDB: '', fileVersion: 10.0.26100.4202
C:\WINDOWS\SYSTEM32\kernel.appcore.dll:kernel.appcore.dll (00007FFE9DAE0000), size: 110592 (result: 0), SymType: '-deferred-', PDB: '', fileVersion: 10.0.26100.4202
C:\WINDOWS\system32\uxtheme.dll:uxtheme.dll (00007FFE9BE30000), size: 716800 (result: 0), SymType: '-deferred-', PDB: '', fileVersion: 10.0.26100.4202
C:\WINDOWS\SYSTEM32\windows.storage.dll:windows.storage.dll (00007FFE9C830000), size: 8749056 (result: 0), SymType: '-deferred-', PDB: '', fileVersion: 10.0.26100.4343
C:\WINDOWS\System32\SHCORE.dll:SHCORE.dll (00007FFEA0ED0000), size: 987136 (result: 0), SymType: '-deferred-', PDB: '', fileVersion: 10.0.26100.4202
C:\WINDOWS\SYSTEM32\profapi.dll:profapi.dll (00007FFE9EE40000), size: 192512 (result: 0), SymType: '-deferred-', PDB: '', fileVersion: 10.0.26100.4202
C:\WINDOWS\SYSTEM32\CRYPTSP.dll:CRYPTSP.dll (00007FFE9E640000), size: 110592 (result: 0), SymType: '-deferred-', PDB: '', fileVersion: 10.0.26100.4202
C:\WINDOWS\system32\rsaenh.dll:rsaenh.dll (00007FFE9DB00000), size: 237568 (result: 0), SymType: '-deferred-', PDB: '', fileVersion: 10.0.26100.4202
C:\WINDOWS\SYSTEM32\CRYPTBASE.dll:CRYPTBASE.dll (00007FFE9E5C0000), size: 49152 (result: 0), SymType: '-deferred-', PDB: '', fileVersion: 10.0.26100.4061
C:\WINDOWS\System32\imagehlp.dll:imagehlp.dll (00007FFEA0E20000), size: 131072 (result: 0), SymType: '-deferred-', PDB: '', fileVersion: 10.0.26100.4202
C:\WINDOWS\SYSTEM32\gpapi.dll:gpapi.dll (00007FFE9E270000), size: 159744 (result: 0), SymType: '-deferred-', PDB: '', fileVersion: 10.0.26100.3323
C:\Windows\System32\cryptnet.dll:cryptnet.dll (00007FFE97FD0000), size: 241664 (result: 0), SymType: '-deferred-', PDB: '', fileVersion: 10.0.26100.3624
C:\WINDOWS\SYSTEM32\WINNSI.DLL:WINNSI.DLL (00007FFE99EE0000), size: 57344 (result: 0), SymType: '-deferred-', PDB: '', fileVersion: 10.0.26100.4202
C:\WINDOWS\System32\NSI.dll:NSI.dll (00007FFE9FF00000), size: 40960 (result: 0), SymType: '-deferred-', PDB: '', fileVersion: 10.0.26100.4061
C:\WINDOWS\system32\IconCodecService.dll:IconCodecService.dll (00007FFE99D40000), size: 45056 (result: 0), SymType: '-deferred-', PDB: '', fileVersion: 10.0.26100.1
C:\WINDOWS\SYSTEM32\WindowsCodecs.dll:WindowsCodecs.dll (00007FFE9A0A0000), size: 2330624 (result: 0), SymType: '-deferred-', PDB: '', fileVersion: 10.0.26100.4202
C:\WINDOWS\System32\clbcatq.dll:clbcatq.dll (00007FFE9FC70000), size: 688128 (result: 0), SymType: '-deferred-', PDB: '', fileVersion: 2001.12.10941.16384
C:\WINDOWS\System32\netprofm.dll:netprofm.dll (00007FFE98850000), size: 413696 (result: 0), SymType: '-deferred-', PDB: '', fileVersion: 10.0.26100.2454
C:\WINDOWS\System32\npmproxy.dll:npmproxy.dll (00007FFE93170000), size: 102400 (result: 0), SymType: '-deferred-', PDB: '', fileVersion: 10.0.26100.1150
C:\WINDOWS\SYSTEM32\dbghelp.dll:dbghelp.dll (00007FFE8D900000), size: 2363392 (result: 0), SymType: '-deferred-', PDB: '', fileVersion: 10.0.26100.4202

========== OUTPUTTING STACK TRACE ==================

0x00007FFE9F6485EA (KERNELBASE) RaiseException
0x00007FF76F2D3E90 (Unity) EditorMonoConsole::LogToConsoleImplementation
0x00007FF76F2D490D (Unity) EditorMonoConsole::LogToConsoleImplementation
0x00007FF76FF9A86F (Unity) DebugStringToFilePostprocessedStacktrace
0x00007FF76FF99FCA (Unity) DebugStringToFile
0x00007FF76F44FD17 (Unity) HandleProjectAlreadyOpenInAnotherInstance
0x00007FF76F45297F (Unity) Application::InitializeProject
0x00007FF76F8E8CD5 (Unity) WinMain
0x00007FF770CCDB1E (Unity) __scrt_common_main_seh
0x00007FFEA06EE8D7 (KERNEL32) BaseThreadInitThunk
0x00007FFEA1E1C34C (ntdll) RtlUserThreadStart

========== END OF STACKTRACE ===========

A crash has been intercepted by the crash handler. For call stack and other details, see the latest crash report generated in:
 * C:/Users/yc224/AppData/Local/Temp/Unity/Editor/Crashes
